📊 Initial CUDA memory: 94.42GB free / 94.97GB total
/usr/local/lib/python3.12/dist-packages/torch/library.py:357: UserWarning: Warning only once for all operators,  other operators may also be overridden.
  Overriding a previously registered kernel for the same operator and the same dispatch key
  operator: flash_attn::_flash_attn_backward(Tensor dout, Tensor q, Tensor k, Tensor v, Tensor out, Tensor softmax_lse, Tensor(a6!)? dq, Tensor(a7!)? dk, Tensor(a8!)? dv, float dropout_p, float softmax_scale, bool causal, SymInt window_size_left, SymInt window_size_right, float softcap, Tensor? alibi_slopes, bool deterministic, Tensor? rng_state=None) -> Tensor
    registered at /usr/local/lib/python3.12/dist-packages/torch/_library/custom_ops.py:926
  dispatch key: ADInplaceOrView
  previous kernel: no debug info
       new kernel: registered at /usr/local/lib/python3.12/dist-packages/torch/_library/custom_ops.py:926 (Triggered internally at /opt/pytorch/pytorch/aten/src/ATen/core/dispatch/OperatorEntry.cpp:208.)
  self.m.impl(
⚡ SeedVR2 optimizations check: SageAttention ✅ | Flash Attention ✅ | Triton ✅
🔧 Conv3d workaround active: PyTorch 2.10.0a0, cuDNN 91701 (fixing VAE 3x memory bug)
 
 
   ███████╗███████╗███████╗██████╗ ██╗   ██╗██████╗     ██████╗       ███████╗
   ██╔════╝██╔════╝██╔════╝██╔══██╗██║   ██║██╔══██╗    ╚════██╗      ██╔════╝
   ███████╗█████╗  █████╗  ██║  ██║██║   ██║██████╔╝     █████╔╝      ███████╗
   ╚════██║██╔══╝  ██╔══╝  ██║  ██║╚██╗ ██╔╝██╔══██╗    ██╔═══╝       ╚════██║
   ███████║███████╗███████╗██████╔╝ ╚████╔╝ ██║  ██║    ███████╗  ██╗ ███████║
   ╚══════╝╚══════╝╚══════╝╚═════╝   ╚═══╝  ╚═╝  ╚═╝    ╚══════╝  ╚═╝ ╚══════╝
   💻 CLI · v2.5.24                           © ByteDance Seed · NumZ · AInVFX
   ━━━━━━━━━━━━━━━━━━━━━━━━━━━━━━━━━━━━━━━━━━━━━━━━━━━━━━━━━━━━━━━━━━━━━━━━━━━
 
[12:07:01.313] ℹ️ OS: Ubuntu 24.04 | GPU: NVIDIA RTX PRO 6000 Blackwell Max-Q Workstation Edition (95GB)
[12:07:01.313] ℹ️ Python: 3.12.3 | PyTorch: 2.10.0a0+a36e1d39eb.nv26.01.42222806 | FlashAttn: v2 ✓ | SageAttn: v3,2 ✓ | Triton: ✓
[12:07:01.313] ℹ️ CUDA: 13.1 | cuDNN: 91701
[12:07:01.313]  
[12:07:01.313] 🔧 Arguments:
[12:07:01.313]    input: /root/seedvr_bench/inputs/test.mov
[12:07:01.313]    output: /root/ComfyUI-SeedVR2_VideoUpscaler/benchmark_results/blackwell_81f_720p_trt_integrated_mlp_retry4/outputs/trt_w4a4_integrated_mlp.mp4
[12:07:01.313]    output_format: None
[12:07:01.313]    video_backend: opencv
[12:07:01.313]    use_10bit: False
[12:07:01.313]    model_dir: None
[12:07:01.313]    dit_model: seedvr2_ema_7b_fp16.safetensors
[12:07:01.313]    resolution: 720
[12:07:01.313]    max_resolution: 0
[12:07:01.313]    batch_size: 81
[12:07:01.313]    uniform_batch_size: True
[12:07:01.313]    seed: 42
[12:07:01.313]    skip_first_frames: 0
[12:07:01.313]    load_cap: 81
[12:07:01.313]    chunk_size: 0
[12:07:01.313]    prepend_frames: 0
[12:07:01.313]    temporal_overlap: 0
[12:07:01.313]    color_correction: lab
[12:07:01.313]    input_noise_scale: 0.0
[12:07:01.313]    latent_noise_scale: 0.0
[12:07:01.313]    cuda_device: None
[12:07:01.313]    dit_offload_device: none
[12:07:01.313]    vae_offload_device: none
[12:07:01.313]    tensor_offload_device: cpu
[12:07:01.313]    blocks_to_swap: 0
[12:07:01.313]    swap_io_components: False
[12:07:01.313]    vae_encode_tiled: False
[12:07:01.313]    vae_encode_tile_size: 1024
[12:07:01.313]    vae_encode_tile_overlap: 128
[12:07:01.313]    vae_decode_tiled: False
[12:07:01.313]    vae_decode_tile_size: 1024
[12:07:01.313]    vae_decode_tile_overlap: 128
[12:07:01.313]    tile_debug: false
[12:07:01.313]    attention_mode: sageattn_3
[12:07:01.313]    strict_attention_mode: True
[12:07:01.313]    blackwell_pro6000_preset: False
[12:07:01.313]    compile_dit: False
[12:07:01.313]    compile_vae: False
[12:07:01.313]    compile_backend: inductor
[12:07:01.313]    compile_mode: default
[12:07:01.313]    compile_fullgraph: False
[12:07:01.313]    compile_dynamic: False
[12:07:01.313]    compile_dynamo_cache_size_limit: 64
[12:07:01.313]    compile_dynamo_recompile_limit: 128
[12:07:01.313]    trt_w4a4_mlp: True
[12:07:01.313]    trt_w4a4_mlp_block_index: 0
[12:07:01.313]    trt_w4a4_mlp_qat_steps: 1
[12:07:01.313]    trt_w4a4_mlp_qat_lr: 1e-08
[12:07:01.313]    trt_w4a4_mlp_json: /root/ComfyUI-SeedVR2_VideoUpscaler/benchmark_results/blackwell_81f_720p_trt_integrated_mlp_retry4/trt_w4a4_integrated_mlp_compile.json
[12:07:01.313]    cache_dit: False
[12:07:01.313]    cache_vae: False
[12:07:01.313]    debug: True
[12:07:01.313]    benchmark_json: /root/ComfyUI-SeedVR2_VideoUpscaler/benchmark_results/blackwell_81f_720p_trt_integrated_mlp_retry4/trt_w4a4_integrated_mlp.json
[12:07:01.313]    benchmark_label: trt_w4a4_integrated_mlp
[12:07:01.313] 🖥️ CUDA_VISIBLE_DEVICES: Not set (all)
[12:07:01.313] 🖥️ torch.cuda.device_count(): 1
[12:07:01.313] 🖥️ Using device index 0 inside script (mapped to selected GPU)
[12:07:01.313] 🖥️ Using devices: ['0']
[12:07:01.313] 🔧 DiT model found: ./models/SEEDVR2/seedvr2_ema_7b_fp16.safetensors
[12:07:01.314] 🔧 DiT model already validated (cache): ./models/SEEDVR2/seedvr2_ema_7b_fp16.safetensors
[12:07:01.314] 🔧 VAE model found: ./models/SEEDVR2/ema_vae_fp16.safetensors
[12:07:01.314] 🔧 VAE model already validated (cache): ./models/SEEDVR2/ema_vae_fp16.safetensors
[12:07:01.314] 🎬 Processing video: test.mov
[12:07:01.314] ℹ️   Auto-detected output format: mp4
[12:07:01.323] ℹ️ Video info: 300 frames, 480x274, 29.97 FPS
[12:07:01.434] 🔧 Generation context initialized: DiT=cuda:0, VAE=cuda:0, Offload=[Tensor offload=cpu], LOCAL_RANK=0
[12:07:01.434] 🎯 Unified compute dtype: torch.bfloat16 across entire pipeline for maximum performance
[12:07:01.434] 🏃 Configuring inference runner...
[12:07:01.434] 🏃 Creating new runner: DiT=seedvr2_ema_7b_fp16.safetensors, VAE=ema_vae_fp16.safetensors
[12:07:01.460] 🚀 Creating DiT model structure on meta device
[12:07:01.650] 🎨 Creating VAE model structure on meta device
[12:07:01.718] 🎨 VAE downsample factors configured (spatial: 8x, temporal: 4x)
[12:07:01.721] 🔄 Moving text_pos_embeds from CPU to CUDA:0 (DiT inference)
[12:07:01.721] 🔄 Moving text_neg_embeds from CPU to CUDA:0 (DiT inference)
[12:07:01.721] 🚀 Loaded text embeddings for DiT
[12:07:01.721] 🔧   Initializing video transformation pipeline for 720px (shortest edge)
[12:07:01.730] 🔧   Target dimensions: 1260x720 (padded to 1264x720 for processing)
[12:07:01.730]  
[12:07:01.730] 🎬 Starting upscaling generation...
[12:07:01.730] 🎬   Input: 81 frames, 480x274px → Padded: 1264x720px → Output: 1260x720px (shortest edge: 720px)
[12:07:01.730] 🎬   Batch size: 81 (uniform), Seed: 42, Channels: RGB
[12:07:01.730]  
[12:07:01.731]  ━━━━━━━━ Phase 1: VAE encoding ━━━━━━━━
[12:07:01.731] ♻️ Reusing pre-initialized video transformation pipeline
[12:07:01.731] 🎨 Materializing VAE weights to CUDA:0: ./models/SEEDVR2/ema_vae_fp16.safetensors
[12:07:01.796] 🎯 Converting VAE weights to torch.bfloat16 during loading
[12:07:01.812] 🎨 Materializing VAE: 250 parameters, 478.07MB total
[12:07:01.817] 🎨 VAE materialized directly from meta with loaded weights
[12:07:01.817] 🎨 VAE model set to eval mode (gradients disabled)
[12:07:01.818] 🎨 Configuring VAE causal slicing for temporal processing
[12:07:01.819] 🎨 Configuring VAE memory limits for causal convolutions
[12:07:01.820] 🎯 Model precision: VAE=torch.bfloat16, compute=torch.bfloat16
[12:07:01.821] 🎨 Using seed: 1000042 (VAE uses seed+1000000 for deterministic sampling)
[12:07:01.821] 🔄 VAE already on CUDA:0, skipping movement
[12:07:01.822] 📊 After VAE loading for encoding:
[12:07:01.822] 📊   [VRAM] 0.48GB allocated / 0.50GB reserved / Peak: 0.49GB / 93.67GB free / 94.97GB total
[12:07:01.822] 📊   [RAM] 1.49GB process / 6.81GB others / 167.64GB free / 175.94GB total
[12:07:01.822] 📊 Resetting VRAM peak memory statistics
[12:07:01.822] 🎨 Encoding batch 1/1
[12:07:01.822] 🔄   Moving video_batch_1 from CPU to CUDA:0, torch.float16 → torch.bfloat16 (VAE encoding)
[12:07:01.844] 📹   Sequence of 81 frames
[12:07:09.123] ℹ️   Latents shape: torch.Size([21, 90, 158, 16])
[12:07:09.123] 🔄   Moving latent_1 from CUDA:0 to CPU (storing encoded latents for upscaling)
[12:07:09.127] ⚡ Phase 1: VAE encoding complete: 7.40s
[12:07:09.127] ⚡   └─ Encoded batch 1: 7.31s
[12:07:09.127] ⚡   └─ VAE materialized: 0.09s
[12:07:09.127] ⚡     └─ VAE weights loaded from file: 0.07s
[12:07:09.127] ⚡     └─ VAE weights converted to torch.bfloat16: 0.02s
[12:07:09.128] 📊 After phase 1 (VAE encoding):
[12:07:09.128] 📊   [VRAM] 0.48GB allocated / 12.72GB reserved / Peak: 10.64GB / 81.45GB free / 94.97GB total
[12:07:09.128] 📊   [RAM] 1.82GB process / 6.60GB others / 167.52GB free / 175.94GB total
[12:07:09.128] 📊   Memory changes: RAM +0.34GB
[12:07:09.128] 📊 Resetting VRAM peak memory statistics
[12:07:09.128]  
[12:07:09.128]  ━━━━━━━━ Phase 2: DiT upscaling ━━━━━━━━
[12:07:09.129] 🚀 Materializing DiT weights to CUDA:0: ./models/SEEDVR2/seedvr2_ema_7b_fp16.safetensors
[12:07:10.909] 🚀 Materializing DiT: 1128 parameters, 15715.81MB total
[12:07:10.933] 🚀 DiT materialized directly from meta with loaded weights
[12:07:10.939] ✅ Initialized 72 non-persistent buffers
[12:07:10.939] 🔧 Applying DiT compatibility wrapper
[12:07:10.939] 🔧 Stabilizing RoPE computations for numerical stability
[12:07:10.940] ✅ Stabilized 72 RoPE modules
[12:07:10.940] 🔧 Applying sageattn_3 attention mode and torch.bfloat16 compute dtype to model
[12:07:10.941] ✅ Applied sageattn_3 and compute_dtype=torch.bfloat16 to 36 modules
[12:07:10.941] 🎯 Model precision: DiT=torch.float16, VAE=torch.bfloat16, compute=torch.bfloat16
[12:07:10.941] 🔄 DiT already on CUDA:0, skipping movement
[12:07:10.941] 🚀 Installed integrated W4A4 TensorRT wrapper on dit.blocks[0].mlp.vid
[12:07:10.942] 📊 After DiT loading for upscaling:
[12:07:10.942] 📊   [VRAM] 15.85GB allocated / 15.88GB reserved / Peak: 15.85GB / 78.29GB free / 94.97GB total
[12:07:10.942] 📊   [RAM] 1.83GB process / 6.65GB others / 167.46GB free / 175.94GB total
[12:07:10.942] 📊   Memory changes: VRAM +15.37GB
[12:07:10.942] 📊 Resetting VRAM peak memory statistics
[12:07:10.942] 🎬 Upscaling batch 1/1
[12:07:10.943] 🚀 Using seed: 42 for deterministic generation
[12:07:10.943] 🔄   Moving latent_1 from CPU to CUDA:0 (DiT upscaling)
EulerSampler:   0%|          | 0/1 [00:00<?, ?it/s]/usr/local/lib/python3.12/dist-packages/modelopt/torch/__init__.py:36: UserWarning: transformers version 5.8.1 is not tested with nvidia-modelopt and may cause issues. Please install recommended version with `pip install nvidia-modelopt[hf]` if working with HF models.
  _warnings.warn(
[12:07:12.348] 🚀 Compiling W4A4 TensorRT MLP subgraph at shape (74655, 3072) from block 0
Inserted 6 quantizers
/usr/local/lib/python3.12/dist-packages/modelopt/torch/quantization/nn/modules/tensor_quantizer.py:878: TracerWarning: Converting a tensor to a Python boolean might cause the trace to be incorrect. We can't record the data flow of Python values, so this value will be treated as a constant in the future. This means that the trace might not generalize to other inputs!
  if inputs.numel() == 0:
/usr/local/lib/python3.12/dist-packages/modelopt/torch/quantization/nn/modules/tensor_quantizer.py:706: TracerWarning: Converting a tensor to a Python boolean might cause the trace to be incorrect. We can't record the data flow of Python values, so this value will be treated as a constant in the future. This means that the trace might not generalize to other inputs!
  assert amax.numel() == 1, (
[W513 12:07:12.023239466 shape_type_inference.cpp:1994] Warning: The shape inference of trt::TRT_FP4QDQ type is missing, so it may result in wrong shape inference for the exported graph. Please consider adding it in symbolic function. (function UpdateReliable)
[modelopt][onnx] - INFO - Computing scales for NVFP4 quantization
[modelopt][onnx] - INFO - Compressing weights for NVFP4 quantization
[modelopt][onnx] - INFO - Post-processing NVFP4 quantization
[modelopt][onnx] - INFO - Removed 1 initializers
Writing ONNX model to directory: /tmp/tmpipskqh_8/onnx
[modelopt][_deploy] - INFO - trtexec --onnx=/tmp/tmpipskqh_8/onnx/MLP.onnx --stronglyTyped --saveEngine=/tmp/modelopt_build/trt_artifacts/MLP.engine --builderOptimizationLevel=4 --skipInference --timingCacheFile=/tmp/modelopt_build/trt_artifacts/timing.cache
[modelopt][_deploy] - INFO - Engine saved to /tmp/modelopt_build/trt_artifacts/ff5b0a42-MLP.engine
[modelopt][_deploy] - INFO - Execution time for build_engine: 4.3062s
[modelopt][_deploy] - INFO - trtexec --loadEngine=/tmp/tmpvuedip_y/ff5b0a42-model.engine --warmUp=500 --avgRuns=500 --iterations=500 --noDataTransfers --useCudaGraph --useSpinWait --dumpProfile --separateProfileRun --exportProfile=/tmp/modelopt_build/trt_artifacts/ff5b0a42-profile.json --profilingVerbosity=detailed --exportLayerInfo=/tmp/modelopt_build/trt_artifacts/ff5b0a42-layerInfo.json
[modelopt][_deploy] - INFO - Profile saved to /tmp/modelopt_build/trt_artifacts/ff5b0a42-profile.json
[modelopt][_deploy] - INFO - LayerInfo saved to /tmp/modelopt_build/trt_artifacts/ff5b0a42-layerInfo.json
[modelopt][_deploy] - INFO - Execution time for profile_engine: 34.8699s
[12:07:57.582] 🚀 Integrated W4A4 TensorRT MLP ready: profile 30.5263ms, max_abs_error=0.7500
EulerSampler: 100%|██████████| 1/1 [00:52<00:00, 52.98s/it][12:08:03.923] 🔄   Moving upscaled_latent_1 from CUDA:0 to CPU (storing upscaled latents for decoding)
[12:08:03.924] 🧹 Cleaning up DiT components
[12:08:03.926] 🔄 Moving DiT from CUDA:0 to CPU (releasing GPU memory)
[12:08:09.696] 🧹 Starting BlockSwap cleanup
[12:08:09.696] ✅ BlockSwap cleanup complete
[12:08:09.701] 🧹 DiT model deleted
[12:08:09.701] 🧹 Cleaned up text embeddings: texts_pos, texts_neg
[12:08:09.701] ⚡ Phase 2: DiT upscaling complete: 60.57s
[12:08:09.701] ⚡   └─ Upscaled batch 1: 52.98s
[12:08:09.701] ⚡     └─ DiT inference 1: 52.98s
[12:08:09.701] ⚡   └─ DiT moved to CPU: 5.77s
[12:08:09.701] ⚡   └─ DiT materialized: 1.81s
[12:08:09.701] ⚡     └─ DiT weights loaded from file: 1.78s
[12:08:09.701] ⚡     └─ DiT weights materialized: 0.02s
[12:08:09.702] 📊 After phase 2 (DiT upscaling):
[12:08:09.702] 📊   [VRAM] 8.18GB allocated / 35.44GB reserved / Peak: 34.04GB / 55.97GB free / 94.97GB total
[12:08:09.702] 📊   [RAM] 18.40GB process / 6.26GB others / 151.28GB free / 175.94GB total
[12:08:09.702] 📊   Memory changes: VRAM -7.66GB, RAM +16.57GB
[12:08:09.702] 📊 Resetting VRAM peak memory statistics
[12:08:09.702]  
[12:08:09.702]  ━━━━━━━━ Phase 3: VAE decoding ━━━━━━━━
[12:08:09.702] 🔧 Pre-allocating output tensor: 81 frames, 1260x720px, RGB (0.41GB)
[12:08:09.702] 🎯 Model precision: VAE=torch.bfloat16, compute=torch.bfloat16
[12:08:09.702] 🔄 VAE already on CUDA:0, skipping movement
[12:08:09.703] 📊 After VAE loading for decoding:
[12:08:09.703] 📊   [VRAM] 8.18GB allocated / 35.44GB reserved / Peak: 8.18GB / 55.97GB free / 94.97GB total
[12:08:09.703] 📊   [RAM] 18.40GB process / 6.26GB others / 151.28GB free / 175.94GB total
[12:08:09.703] 📊 Resetting VRAM peak memory statistics
[12:08:09.703] 🎨 Decoding batch 1/1
[12:08:09.703] 🔄   Moving upscaled_latent_1 from CPU to CUDA:0 (VAE decoding)
[12:08:09.704] ℹ️   Latents shape: torch.Size([1, 21, 90, 158, 16])
[12:08:24.057] 📹   Trimming spatial padding: 1264x720 → 1260x720
[12:08:24.057] 🔄   Moving sample_1 from CUDA:0 to CPU (writing to final_video)
[12:08:25.072] 📹   Wrote 81 frames to positions 0-81
[12:08:25.093] 🧹 Cleaning up VAE components
[12:08:25.093] 🔄 Moving VAE from CUDA:0 to CPU (releasing GPU memory)
[12:08:25.302] 🧹 VAE model deleted
[12:08:25.302] ⚡ Phase 3: VAE decoding complete: 15.60s
[12:08:25.302] ⚡   └─ Decoded batch 1: 15.39s
[12:08:25.302] ⚡     └─ VAE decode: 14.35s
[12:08:25.302] ⚡   └─ VAE moved to CPU: 0.19s
[12:08:25.302] ⚡   └─ (other operations): 0.02s
[12:08:25.303] 📊 After phase 3 (VAE decoding):
[12:08:25.303] 📊   [VRAM] 7.72GB allocated / 35.44GB reserved / Peak: 24.05GB / 55.97GB free / 94.97GB total
[12:08:25.303] 📊   [RAM] 18.89GB process / 6.73GB others / 150.32GB free / 175.94GB total
[12:08:25.303] 📊   Memory changes: VRAM -0.47GB, RAM +0.49GB
[12:08:25.303] 📊 Resetting VRAM peak memory statistics
[12:08:25.303]  
[12:08:25.303]  ━━━━━━━━ Phase 4: Post-processing ━━━━━━━━
[12:08:25.303] 📹 Post-processing batch 1/1
[12:08:25.303] 🔄   Moving sample_1 from CPU to CUDA:0 (post-processing)
[12:08:25.866] 🔄   Moving input_video_1 from CPU to CUDA:0 (color correction)
[12:08:26.014] 📹   Applying LAB perceptual color transfer
[12:08:26.152] 📹   LAB color transfer completed (luminance_weight=0.8)
[12:08:26.152] 🔄   Moving sample_1_final from CUDA:0 to CPU (writing processed result to final_video)
[12:08:26.527] 🎬 Output assembled: 81 frames, Resolution: 1260x720px, Channels: RGB
[12:08:26.528] ⚡ Phase 4: Post-processing complete: 1.22s
[12:08:26.528] ⚡   └─ Post-processed batch 1: 1.22s
[12:08:26.528] ⚡     └─ Color correction (lab): 0.14s
[12:08:26.529] 📊 After phase 4 (Post-processing):
[12:08:26.529] 📊   [VRAM] 7.72GB allocated / 35.44GB reserved / Peak: 14.85GB / 55.97GB free / 94.97GB total
[12:08:26.529] 📊   [RAM] 19.02GB process / 6.68GB others / 150.24GB free / 175.94GB total
[12:08:26.529] 📊   Memory changes: RAM +0.13GB
[12:08:26.529] 📊 Resetting VRAM peak memory statistics
[12:08:26.751] 📂 Saving 81 frames to video: /root/ComfyUI-SeedVR2_VideoUpscaler/benchmark_results/blackwell_81f_720p_trt_integrated_mlp_retry4/outputs/trt_w4a4_integrated_mlp.mp4 (backend=opencv)
[12:08:27.173] 📂 Output saved to: /root/ComfyUI-SeedVR2_VideoUpscaler/benchmark_results/blackwell_81f_720p_trt_integrated_mlp_retry4/outputs/trt_w4a4_integrated_mlp.mp4
[12:08:27.173]  
[12:08:27.173] ✅ All upscaling processes completed successfully in 85.86s
[12:08:27.173] ⚡ Average FPS: 0.94 frames/sec
/root/ComfyUI-SeedVR2_VideoUpscaler/inference_cli.py:311: DeprecationWarning: datetime.datetime.utcnow() is deprecated and scheduled for removal in a future version. Use timezone-aware objects to represent datetimes in UTC: datetime.datetime.now(datetime.UTC).
  "timestamp_utc": datetime.utcnow().isoformat(timespec="seconds") + "Z",
[12:08:27.191] 📂 Benchmark JSON written to: /root/ComfyUI-SeedVR2_VideoUpscaler/benchmark_results/blackwell_81f_720p_trt_integrated_mlp_retry4/trt_w4a4_integrated_mlp.json
[12:08:27.191] 🧹 Process 37682 terminating - VRAM will be automatically freed
[12:08:27.191]  
[12:08:27.191]  ────────────────────────
[12:08:27.191] 💬 Questions? Updates? Watch, star & sponsor if you can!
[12:08:27.191] 🎬 https://www.youtube.com/@AInVFX
[12:08:27.191] ⭐💝 https://github.com/numz/ComfyUI-SeedVR2_VideoUpscaler
EulerSampler: 100%|██████████| 1/1 [01:16<00:00, 76.83s/it]
