📊 Initial CUDA memory: 94.42GB free / 94.97GB total
/usr/local/lib/python3.12/dist-packages/torch/library.py:357: UserWarning: Warning only once for all operators,  other operators may also be overridden.
  Overriding a previously registered kernel for the same operator and the same dispatch key
  operator: flash_attn::_flash_attn_backward(Tensor dout, Tensor q, Tensor k, Tensor v, Tensor out, Tensor softmax_lse, Tensor(a6!)? dq, Tensor(a7!)? dk, Tensor(a8!)? dv, float dropout_p, float softmax_scale, bool causal, SymInt window_size_left, SymInt window_size_right, float softcap, Tensor? alibi_slopes, bool deterministic, Tensor? rng_state=None) -> Tensor
    registered at /usr/local/lib/python3.12/dist-packages/torch/_library/custom_ops.py:926
  dispatch key: ADInplaceOrView
  previous kernel: no debug info
       new kernel: registered at /usr/local/lib/python3.12/dist-packages/torch/_library/custom_ops.py:926 (Triggered internally at /opt/pytorch/pytorch/aten/src/ATen/core/dispatch/OperatorEntry.cpp:208.)
  self.m.impl(
⚡ SeedVR2 optimizations check: SageAttention ✅ | Flash Attention ✅ | Triton ✅
🔧 Conv3d workaround active: PyTorch 2.10.0a0, cuDNN 91701 (fixing VAE 3x memory bug)
 
 
   ███████╗███████╗███████╗██████╗ ██╗   ██╗██████╗     ██████╗       ███████╗
   ██╔════╝██╔════╝██╔════╝██╔══██╗██║   ██║██╔══██╗    ╚════██╗      ██╔════╝
   ███████╗█████╗  █████╗  ██║  ██║██║   ██║██████╔╝     █████╔╝      ███████╗
   ╚════██║██╔══╝  ██╔══╝  ██║  ██║╚██╗ ██╔╝██╔══██╗    ██╔═══╝       ╚════██║
   ███████║███████╗███████╗██████╔╝ ╚████╔╝ ██║  ██║    ███████╗  ██╗ ███████║
   ╚══════╝╚══════╝╚══════╝╚═════╝   ╚═══╝  ╚═╝  ╚═╝    ╚══════╝  ╚═╝ ╚══════╝
   💻 CLI · v2.5.24                           © ByteDance Seed · NumZ · AInVFX
   ━━━━━━━━━━━━━━━━━━━━━━━━━━━━━━━━━━━━━━━━━━━━━━━━━━━━━━━━━━━━━━━━━━━━━━━━━━━
 
[14:10:45.161] ℹ️ OS: Ubuntu 24.04 | GPU: NVIDIA RTX PRO 6000 Blackwell Max-Q Workstation Edition (95GB)
[14:10:45.161] ℹ️ Python: 3.12.3 | PyTorch: 2.10.0a0+a36e1d39eb.nv26.01.42222806 | FlashAttn: v2 ✓ | SageAttn: v3,2 ✓ | Triton: ✓
[14:10:45.161] ℹ️ CUDA: 13.1 | cuDNN: 91701
[14:10:45.161]  
[14:10:45.161] 🔧 Arguments:
[14:10:45.161]    input: /root/seedvr_bench/inputs/test.mov
[14:10:45.161]    output: /root/ComfyUI-SeedVR2_VideoUpscaler/benchmark_results/blackwell_3b_fp8_vae_plan_full/outputs/encode_decode_tiled.mp4
[14:10:45.161]    output_format: None
[14:10:45.161]    video_backend: opencv
[14:10:45.161]    use_10bit: False
[14:10:45.161]    model_dir: None
[14:10:45.161]    dit_model: seedvr2_ema_3b_fp8_e4m3fn.safetensors
[14:10:45.161]    resolution: 720
[14:10:45.161]    max_resolution: 0
[14:10:45.161]    batch_size: 81
[14:10:45.161]    uniform_batch_size: True
[14:10:45.161]    seed: 42
[14:10:45.161]    skip_first_frames: 0
[14:10:45.161]    load_cap: 0
[14:10:45.161]    chunk_size: 0
[14:10:45.161]    prepend_frames: 0
[14:10:45.161]    temporal_overlap: 0
[14:10:45.161]    color_correction: lab
[14:10:45.161]    input_noise_scale: 0.0
[14:10:45.161]    latent_noise_scale: 0.0
[14:10:45.161]    compute_dtype: auto
[14:10:45.161]    cuda_device: None
[14:10:45.161]    dit_offload_device: none
[14:10:45.161]    vae_offload_device: none
[14:10:45.161]    tensor_offload_device: cpu
[14:10:45.161]    blocks_to_swap: 0
[14:10:45.161]    swap_io_components: False
[14:10:45.161]    vae_encode_tiled: True
[14:10:45.161]    vae_encode_tile_size: 1024
[14:10:45.161]    vae_encode_tile_overlap: 128
[14:10:45.161]    vae_decode_tiled: True
[14:10:45.161]    vae_decode_tile_size: 1024
[14:10:45.161]    vae_decode_tile_overlap: 128
[14:10:45.161]    tile_debug: false
[14:10:45.161]    attention_mode: sdpa
[14:10:45.161]    strict_attention_mode: False
[14:10:45.161]    blackwell_pro6000_preset: False
[14:10:45.161]    compile_dit: False
[14:10:45.161]    compile_vae: False
[14:10:45.161]    compile_backend: inductor
[14:10:45.161]    compile_mode: default
[14:10:45.161]    compile_fullgraph: False
[14:10:45.161]    compile_dynamic: False
[14:10:45.161]    compile_dynamo_cache_size_limit: 64
[14:10:45.161]    compile_dynamo_recompile_limit: 128
[14:10:45.161]    trt_w4a4_mlp: False
[14:10:45.161]    trt_w4a4_mlp_block_index: 0
[14:10:45.161]    trt_w4a4_mlp_qat_steps: 1
[14:10:45.161]    trt_w4a4_mlp_qat_lr: 1e-08
[14:10:45.161]    trt_w4a4_mlp_json: None
[14:10:45.161]    cache_dit: False
[14:10:45.161]    cache_vae: False
[14:10:45.161]    debug: True
[14:10:45.161]    benchmark_json: /root/ComfyUI-SeedVR2_VideoUpscaler/benchmark_results/blackwell_3b_fp8_vae_plan_full/encode_decode_tiled.json
[14:10:45.161]    benchmark_label: encode_decode_tiled
[14:10:45.161] 🖥️ CUDA_VISIBLE_DEVICES: Not set (all)
[14:10:45.161] 🖥️ torch.cuda.device_count(): 1
[14:10:45.161] 🖥️ Using device index 0 inside script (mapped to selected GPU)
[14:10:45.161] 🖥️ Using devices: ['0']
[14:10:45.161] 🔧 DiT model found: ./models/SEEDVR2/seedvr2_ema_3b_fp8_e4m3fn.safetensors
[14:10:45.162] 🔧 DiT model already validated (cache): ./models/SEEDVR2/seedvr2_ema_3b_fp8_e4m3fn.safetensors
[14:10:45.162] 🔧 VAE model found: ./models/SEEDVR2/ema_vae_fp16.safetensors
[14:10:45.162] 🔧 VAE model already validated (cache): ./models/SEEDVR2/ema_vae_fp16.safetensors
[14:10:45.162] 🎬 Processing video: test.mov
[14:10:45.162] ℹ️   Auto-detected output format: mp4
[14:10:45.171] ℹ️ Video info: 300 frames, 480x274, 29.97 FPS
[14:10:45.517] 🔧 Generation context initialized: DiT=cuda:0, VAE=cuda:0, Offload=[Tensor offload=cpu], LOCAL_RANK=0
[14:10:45.517] 🎯 Unified compute dtype: torch.bfloat16 across entire pipeline for maximum performance
[14:10:45.517] 🏃 Configuring inference runner...
[14:10:45.517] 🏃 Creating new runner: DiT=seedvr2_ema_3b_fp8_e4m3fn.safetensors, VAE=ema_vae_fp16.safetensors
[14:10:45.546] 🚀 Creating DiT model structure on meta device
[14:10:45.660] 🎨 Creating VAE model structure on meta device
[14:10:45.731] 🎨 VAE downsample factors configured (spatial: 8x, temporal: 4x)
[14:10:45.733] 🔄 Moving text_pos_embeds from CPU to CUDA:0 (DiT inference)
[14:10:45.733] 🔄 Moving text_neg_embeds from CPU to CUDA:0 (DiT inference)
[14:10:45.733] 🚀 Loaded text embeddings for DiT
[14:10:45.733] 🔧   Initializing video transformation pipeline for 720px (shortest edge)
[14:10:45.879] 🔧   Target dimensions: 1260x720 (padded to 1264x720 for processing)
[14:10:45.881]  
[14:10:45.881] 🎬 Starting upscaling generation...
[14:10:45.881] 🎬   Input: 299 frames, 480x274px → Padded: 1264x720px → Output: 1260x720px (shortest edge: 720px)
[14:10:45.881] 🎬   Batch size: 81 (uniform), Seed: 42, Channels: RGB
[14:10:45.881]  
[14:10:45.881]  ━━━━━━━━ Phase 1: VAE encoding ━━━━━━━━
[14:10:45.881] ♻️ Reusing pre-initialized video transformation pipeline
[14:10:45.881]  
[14:10:45.881] 💡 Tip: For 299 frames, batch_size=297 matches video length optimally
[14:10:45.881] 💡   Matching batch_size to shot length improves temporal coherence
[14:10:45.881]  
[14:10:45.881] 🎨 Materializing VAE weights to CUDA:0: ./models/SEEDVR2/ema_vae_fp16.safetensors
[14:10:45.948] 🎯 Converting VAE weights to torch.bfloat16 during loading
[14:10:45.967] 🎨 Materializing VAE: 250 parameters, 478.07MB total
[14:10:45.972] 🎨 VAE materialized directly from meta with loaded weights
[14:10:45.972] 🎨 VAE model set to eval mode (gradients disabled)
[14:10:45.973] 🎨 Configuring VAE causal slicing for temporal processing
[14:10:45.974] 🎨 Configuring VAE memory limits for causal convolutions
[14:10:45.975] 🎯 Model precision: VAE=torch.bfloat16, compute=torch.bfloat16
[14:10:45.976] 🎨 Using seed: 1000042 (VAE uses seed+1000000 for deterministic sampling)
[14:10:45.976] 🔄 VAE already on CUDA:0, skipping movement
[14:10:45.977] 📊 After VAE loading for encoding:
[14:10:45.977] 📊   [VRAM] 0.48GB allocated / 0.50GB reserved / Peak: 0.49GB / 93.67GB free / 94.97GB total
[14:10:45.977] 📊   [RAM] 1.96GB process / 54.99GB others / 118.98GB free / 175.94GB total
[14:10:45.977] 📊 Resetting VRAM peak memory statistics
[14:10:45.977] 🎨 Encoding batch 1/4
[14:10:45.977] 🔄   Moving video_batch_1 from CPU to CUDA:0, torch.float16 → torch.bfloat16 (VAE encoding)
[14:10:46.008] 📹   Sequence of 81 frames
[14:10:46.735] 🎨   Using VAE tiled encoding (Tile: (1024, 1024), Overlap: (128, 128))
[14:10:46.735] 🎨 Encoding 2 tiles (Tile: (1024, 1024), Overlap: (128, 128))
[14:10:46.745] 🎨   Encoding tiles 1-2 / 2
[14:10:53.759] ℹ️   Latents shape: torch.Size([21, 90, 158, 16])
[14:10:53.759] 🔄   Moving latent_1 from CUDA:0 to CPU (storing encoded latents for upscaling)
[14:10:53.762] 🎨 Encoding batch 2/4
[14:10:53.763] 🔄   Moving video_batch_2 from CPU to CUDA:0, torch.float16 → torch.bfloat16 (VAE encoding)
[14:10:53.785] 📹   Sequence of 81 frames
[14:10:53.795] 🎨   Using VAE tiled encoding (Tile: (1024, 1024), Overlap: (128, 128))
[14:10:53.795] 🎨 Encoding 2 tiles (Tile: (1024, 1024), Overlap: (128, 128))
[14:10:53.795] 🎨   Encoding tiles 1-2 / 2
[14:11:00.726] ℹ️   Latents shape: torch.Size([21, 90, 158, 16])
[14:11:00.726] 🔄   Moving latent_2 from CUDA:0 to CPU (storing encoded latents for upscaling)
[14:11:00.727] 🎨 Encoding batch 3/4
[14:11:00.727] 🔄   Moving video_batch_3 from CPU to CUDA:0, torch.float16 → torch.bfloat16 (VAE encoding)
[14:11:00.760] 📹   Sequence of 81 frames
[14:11:00.770] 🎨   Using VAE tiled encoding (Tile: (1024, 1024), Overlap: (128, 128))
[14:11:00.770] 🎨 Encoding 2 tiles (Tile: (1024, 1024), Overlap: (128, 128))
[14:11:00.770] 🎨   Encoding tiles 1-2 / 2
[14:11:07.716] ℹ️   Latents shape: torch.Size([21, 90, 158, 16])
[14:11:07.716] 🔄   Moving latent_3 from CUDA:0 to CPU (storing encoded latents for upscaling)
[14:11:07.717] 🎨 Encoding batch 4/4
[14:11:07.717] 📹   Sequence of 56 frames
[14:11:07.717] 📹   Padding batch: 25 frames added (56 → 81) for uniform batches
[14:11:07.743] 🔄   Moving video_batch_4 from CPU to CUDA:0, torch.float16 → torch.bfloat16 (VAE encoding)
[14:11:07.806] 🎨   Using VAE tiled encoding (Tile: (1024, 1024), Overlap: (128, 128))
[14:11:07.806] 🎨 Encoding 2 tiles (Tile: (1024, 1024), Overlap: (128, 128))
[14:11:07.806] 🎨   Encoding tiles 1-2 / 2
[14:11:14.770] ℹ️   Latents shape: torch.Size([21, 90, 158, 16])
[14:11:14.771] 🔄   Moving latent_4 from CUDA:0 to CPU (storing encoded latents for upscaling)
[14:11:14.771] ⚡ Phase 1: VAE encoding complete: 28.89s
[14:11:14.772] ⚡   └─ Encoded batch 1: 7.79s
[14:11:14.772] ⚡   └─ Encoded batch 4: 7.05s
[14:11:14.772] ⚡   └─ Encoded batch 3: 6.99s
[14:11:14.772] ⚡   └─ Encoded batch 2: 6.96s
[14:11:14.772] ⚡   └─ VAE materialized: 0.09s
[14:11:14.772] ⚡     └─ VAE weights loaded from file: 0.07s
[14:11:14.772] ⚡     └─ VAE weights converted to torch.bfloat16: 0.02s
[14:11:14.773] 📊 After phase 1 (VAE encoding):
[14:11:14.773] 📊   [VRAM] 0.48GB allocated / 10.66GB reserved / Peak: 8.80GB / 83.51GB free / 94.97GB total
[14:11:14.773] 📊   [RAM] 2.37GB process / 54.72GB others / 118.84GB free / 175.94GB total
[14:11:14.773] 📊   Memory changes: RAM +0.41GB
[14:11:14.773] 📊 Resetting VRAM peak memory statistics
[14:11:14.773]  
[14:11:14.773]  ━━━━━━━━ Phase 2: DiT upscaling ━━━━━━━━
[14:11:14.774] 🚀 Materializing DiT weights to CUDA:0: ./models/SEEDVR2/seedvr2_ema_3b_fp8_e4m3fn.safetensors
[14:11:15.153] 🚀 Materializing DiT: 635 parameters, 3234.36MB total
[14:11:15.168] 🚀 DiT materialized directly from meta with loaded weights
[14:11:15.173] ✅ Initialized 64 non-persistent buffers
[14:11:15.174] 🔧 Applying DiT compatibility wrapper
[14:11:15.174] 🎯 Detected NaDiT 3B FP8 - Converting RoPE freqs for FP8 compatibility
[14:11:15.175] ✅ Converted 32 RoPE frequency buffers from FP8 to torch.bfloat16 for compatibility
[14:11:15.175] 🔧 Stabilizing RoPE computations for numerical stability
[14:11:15.176] ✅ Stabilized 64 RoPE modules
[14:11:15.176] 🔧 Applying sdpa attention mode and torch.bfloat16 compute dtype to model
[14:11:15.177] ✅ Applied sdpa and compute_dtype=torch.bfloat16 to 32 modules
[14:11:15.177] 🎯 Model precision: DiT=torch.float8_e4m3fn, VAE=torch.bfloat16, compute=torch.bfloat16
[14:11:15.177] 🔄 DiT already on CUDA:0, skipping movement
[14:11:15.178] 📊 After DiT loading for upscaling:
[14:11:15.178] 📊   [VRAM] 3.68GB allocated / 10.66GB reserved / Peak: 3.68GB / 83.51GB free / 94.97GB total
[14:11:15.178] 📊   [RAM] 2.37GB process / 54.77GB others / 118.80GB free / 175.94GB total
[14:11:15.178] 📊   Memory changes: VRAM +3.20GB
[14:11:15.178] 📊 Resetting VRAM peak memory statistics
[14:11:15.178] 🎬 Upscaling batch 1/4
[14:11:15.178] 🚀 Using seed: 42 for deterministic generation
[14:11:15.178] 🔄   Moving latent_1 from CPU to CUDA:0 (DiT upscaling)
EulerSampler:   0%|          | 0/1 [00:00<?, ?it/s]EulerSampler: 100%|██████████| 1/1 [00:04<00:00,  4.33s/it]EulerSampler: 100%|██████████| 1/1 [00:04<00:00,  4.33s/it]
[14:11:19.509] 🔄   Moving upscaled_latent_1 from CUDA:0 to CPU (storing upscaled latents for decoding)
[14:11:19.513] 🎬 Upscaling batch 2/4
[14:11:19.513] 🚀 Using seed: 42 for deterministic generation
[14:11:19.513] 🔄   Moving latent_2 from CPU to CUDA:0 (DiT upscaling)
EulerSampler:   0%|          | 0/1 [00:00<?, ?it/s]EulerSampler: 100%|██████████| 1/1 [00:04<00:00,  4.23s/it]EulerSampler: 100%|██████████| 1/1 [00:04<00:00,  4.23s/it]
[14:11:23.744] 🔄   Moving upscaled_latent_2 from CUDA:0 to CPU (storing upscaled latents for decoding)
[14:11:23.747] 🎬 Upscaling batch 3/4
[14:11:23.748] 🚀 Using seed: 42 for deterministic generation
[14:11:23.748] 🔄   Moving latent_3 from CPU to CUDA:0 (DiT upscaling)
EulerSampler:   0%|          | 0/1 [00:00<?, ?it/s]EulerSampler: 100%|██████████| 1/1 [00:04<00:00,  4.24s/it]EulerSampler: 100%|██████████| 1/1 [00:04<00:00,  4.24s/it]
[14:11:27.987] 🔄   Moving upscaled_latent_3 from CUDA:0 to CPU (storing upscaled latents for decoding)
[14:11:27.991] 🎬 Upscaling batch 4/4
[14:11:27.991] 🚀 Using seed: 42 for deterministic generation
[14:11:27.991] 🔄   Moving latent_4 from CPU to CUDA:0 (DiT upscaling)
EulerSampler:   0%|          | 0/1 [00:00<?, ?it/s]EulerSampler: 100%|██████████| 1/1 [00:04<00:00,  4.24s/it]EulerSampler: 100%|██████████| 1/1 [00:04<00:00,  4.24s/it]
[14:11:32.238] 🔄   Moving upscaled_latent_4 from CUDA:0 to CPU (storing upscaled latents for decoding)
[14:11:32.242] 🧹 Cleaning up DiT components
[14:11:32.244] 🔄 Moving DiT from CUDA:0 to CPU (releasing GPU memory)
[14:11:33.443] 🧹 Starting BlockSwap cleanup
[14:11:33.443] ✅ BlockSwap cleanup complete
[14:11:33.446] 🧹 DiT model deleted
[14:11:33.446] 🧹 Cleaned up text embeddings: texts_pos, texts_neg
[14:11:33.446] ⚡ Phase 2: DiT upscaling complete: 18.67s
[14:11:33.446] ⚡   └─ Upscaled batch 1: 4.33s
[14:11:33.446] ⚡     └─ DiT inference 1: 4.33s
[14:11:33.446] ⚡   └─ Upscaled batch 4: 4.25s
[14:11:33.446] ⚡     └─ DiT inference 4: 4.25s
[14:11:33.446] ⚡   └─ Upscaled batch 3: 4.24s
[14:11:33.446] ⚡     └─ DiT inference 3: 4.24s
[14:11:33.447] ⚡   └─ Upscaled batch 2: 4.23s
[14:11:33.447] ⚡     └─ DiT inference 2: 4.23s
[14:11:33.447] ⚡   └─ DiT moved to CPU: 1.20s
[14:11:33.447] ⚡   └─ DiT materialized: 0.40s
[14:11:33.447] ⚡     └─ DiT weights loaded from file: 0.38s
[14:11:33.447] ⚡     └─ DiT weights materialized: 0.01s
[14:11:33.447] 📊 After phase 2 (DiT upscaling):
[14:11:33.447] 📊   [VRAM] 0.48GB allocated / 16.88GB reserved / Peak: 14.10GB / 77.29GB free / 94.97GB total
[14:11:33.447] 📊   [RAM] 5.82GB process / 54.58GB others / 115.54GB free / 175.94GB total
[14:11:33.447] 📊   Memory changes: VRAM -3.20GB, RAM +3.45GB
[14:11:33.448] 📊 Resetting VRAM peak memory statistics
[14:11:33.452]  
[14:11:33.452]  ━━━━━━━━ Phase 3: VAE decoding ━━━━━━━━
[14:11:33.452] 🔧 Pre-allocating output tensor: 299 frames, 1260x720px, RGB (1.52GB)
[14:11:33.452] 🎯 Model precision: VAE=torch.bfloat16, compute=torch.bfloat16
[14:11:33.452] 🔄 VAE already on CUDA:0, skipping movement
[14:11:33.452] 📊 After VAE loading for decoding:
[14:11:33.453] 📊   [VRAM] 0.48GB allocated / 16.88GB reserved / Peak: 0.48GB / 77.29GB free / 94.97GB total
[14:11:33.453] 📊   [RAM] 5.74GB process / 54.66GB others / 115.54GB free / 175.94GB total
[14:11:33.453] 📊   Memory changes: RAM -0.09GB
[14:11:33.453] 📊 Resetting VRAM peak memory statistics
[14:11:33.453] 🎨 Decoding batch 1/4
[14:11:33.453] 🔄   Moving upscaled_latent_1 from CPU to CUDA:0 (VAE decoding)
[14:11:33.454] ℹ️   Latents shape: torch.Size([1, 21, 90, 158, 16])
[14:11:33.454] 🎨   Using VAE tiled decoding (Tile: (1024, 1024), Overlap: (128, 128))
[14:11:33.454] 🎨 Decoding 2 tiles (Tile: (1024, 1024), Overlap: (128, 128))
[14:11:33.454] 🎨   Decoding tiles 1-2 / 2
[14:11:49.825] 📹   Trimming spatial padding: 1264x720 → 1260x720
[14:11:49.825] 🔄   Moving sample_1 from CUDA:0 to CPU (writing to final_video)
[14:11:49.923] 📹   Wrote 81 frames to positions 0-81
[14:11:49.923] 🎨 Decoding batch 2/4
[14:11:49.923] 🔄   Moving upscaled_latent_2 from CPU to CUDA:0 (VAE decoding)
[14:11:49.925] ℹ️   Latents shape: torch.Size([1, 21, 90, 158, 16])
[14:11:49.925] 🎨   Using VAE tiled decoding (Tile: (1024, 1024), Overlap: (128, 128))
[14:11:49.925] 🎨 Decoding 2 tiles (Tile: (1024, 1024), Overlap: (128, 128))
[14:11:49.926] 🎨   Decoding tiles 1-2 / 2
[14:12:06.349] 📹   Trimming spatial padding: 1264x720 → 1260x720
[14:12:06.350] 🔄   Moving sample_2 from CUDA:0 to CPU (writing to final_video)
[14:12:06.487] 📹   Wrote 81 frames to positions 81-162
[14:12:06.487] 🎨 Decoding batch 3/4
[14:12:06.487] 🔄   Moving upscaled_latent_3 from CPU to CUDA:0 (VAE decoding)
[14:12:06.489] ℹ️   Latents shape: torch.Size([1, 21, 90, 158, 16])
[14:12:06.489] 🎨   Using VAE tiled decoding (Tile: (1024, 1024), Overlap: (128, 128))
[14:12:06.489] 🎨 Decoding 2 tiles (Tile: (1024, 1024), Overlap: (128, 128))
[14:12:06.489] 🎨   Decoding tiles 1-2 / 2
[14:12:22.858] 📹   Trimming spatial padding: 1264x720 → 1260x720
[14:12:22.858] 🔄   Moving sample_3 from CUDA:0 to CPU (writing to final_video)
[14:12:22.990] 📹   Wrote 81 frames to positions 162-243
[14:12:22.990] 🎨 Decoding batch 4/4
[14:12:22.991] 🔄   Moving upscaled_latent_4 from CPU to CUDA:0 (VAE decoding)
[14:12:22.992] ℹ️   Latents shape: torch.Size([1, 21, 90, 158, 16])
[14:12:22.992] 🎨   Using VAE tiled decoding (Tile: (1024, 1024), Overlap: (128, 128))
[14:12:22.992] 🎨 Decoding 2 tiles (Tile: (1024, 1024), Overlap: (128, 128))
[14:12:22.992] 🎨   Decoding tiles 1-2 / 2
[14:12:39.376] 📹   Trimming temporal padding: 25 frames removed (81 → 56)
[14:12:39.376] 📹   Trimming spatial padding: 1264x720 → 1260x720
[14:12:39.376] 🔄   Moving sample_4 from CUDA:0 to CPU (writing to final_video)
[14:12:39.446] 📹   Wrote 56 frames to positions 243-299
[14:12:39.446] 🧹 Cleaning up VAE components
[14:12:39.446] 🔄 Moving VAE from CUDA:0 to CPU (releasing GPU memory)
[14:12:39.530] 🧹 VAE model deleted
[14:12:39.530] ⚡ Phase 3: VAE decoding complete: 66.08s
[14:12:39.530] ⚡   └─ Decoded batch 2: 16.56s
[14:12:39.530] ⚡     └─ VAE decode: 16.38s
[14:12:39.530] ⚡   └─ Decoded batch 3: 16.50s
[14:12:39.530] ⚡     └─ VAE decode: 16.38s
[14:12:39.530] ⚡   └─ Decoded batch 1: 16.47s
[14:12:39.530] ⚡     └─ VAE decode: 16.38s
[14:12:39.530] ⚡   └─ Decoded batch 4: 16.46s
[14:12:39.530] ⚡     └─ VAE decode: 16.38s
[14:12:39.530] ⚡   └─ VAE moved to CPU: 0.08s
[14:12:39.531] 📊 After phase 3 (VAE decoding):
[14:12:39.531] 📊   [VRAM] 0.01GB allocated / 17.44GB reserved / Peak: 13.74GB / 76.72GB free / 94.97GB total
[14:12:39.531] 📊   [RAM] 7.25GB process / 54.57GB others / 114.11GB free / 175.94GB total
[14:12:39.531] 📊   Memory changes: VRAM -0.47GB, RAM +1.52GB
[14:12:39.531] 📊 Resetting VRAM peak memory statistics
[14:12:39.531]  
[14:12:39.531]  ━━━━━━━━ Phase 4: Post-processing ━━━━━━━━
[14:12:39.531] 📹 Post-processing batch 1/4
[14:12:39.531] 🔄   Moving sample_1 from CPU to CUDA:0 (post-processing)
[14:12:40.017] 🔄   Moving input_video_1 from CPU to CUDA:0 (color correction)
[14:12:40.164] 📹   Applying LAB perceptual color transfer
[14:12:40.338] 📹   LAB color transfer completed (luminance_weight=0.8)
[14:12:40.338] 🔄   Moving sample_1_final from CUDA:0 to CPU (writing processed result to final_video)
[14:12:40.502] 📹 Post-processing batch 2/4
[14:12:40.502] 🔄   Moving sample_2 from CPU to CUDA:0 (post-processing)
[14:12:40.984] 🔄   Moving input_video_2 from CPU to CUDA:0 (color correction)
[14:12:41.122] 📹   Applying LAB perceptual color transfer
[14:12:41.186] 📹   LAB color transfer completed (luminance_weight=0.8)
[14:12:41.186] 🔄   Moving sample_2_final from CUDA:0 to CPU (writing processed result to final_video)
[14:12:41.437] 📹 Post-processing batch 3/4
[14:12:41.437] 🔄   Moving sample_3 from CPU to CUDA:0 (post-processing)
[14:12:41.992] 🔄   Moving input_video_3 from CPU to CUDA:0 (color correction)
[14:12:42.142] 📹   Applying LAB perceptual color transfer
[14:12:42.200] 📹   LAB color transfer completed (luminance_weight=0.8)
[14:12:42.200] 🔄   Moving sample_3_final from CUDA:0 to CPU (writing processed result to final_video)
[14:12:42.456] 📹 Post-processing batch 4/4
[14:12:42.457] 🔄   Moving sample_4 from CPU to CUDA:0 (post-processing)
[14:12:42.902] 🔄   Moving input_video_4 from CPU to CUDA:0 (color correction)
[14:12:42.992] 📹   Applying LAB perceptual color transfer
[14:12:43.033] 📹   LAB color transfer completed (luminance_weight=0.8)
[14:12:43.034] 🔄   Moving sample_4_final from CUDA:0 to CPU (writing processed result to final_video)
[14:12:43.211] 🎬 Output assembled: 299 frames (324 computed with 25 padding removed), Resolution: 1260x720px, Channels: RGB
[14:12:43.211] ⚡ Phase 4: Post-processing complete: 3.68s
[14:12:43.211] ⚡   └─ Post-processed batch 3: 1.02s
[14:12:43.211] ⚡     └─ Color correction (lab): 0.04s
[14:12:43.211] ⚡   └─ Post-processed batch 1: 0.97s
[14:12:43.211] ⚡     └─ Color correction (lab): 0.04s
[14:12:43.211] ⚡   └─ Post-processed batch 2: 0.94s
[14:12:43.211] ⚡     └─ Color correction (lab): 0.04s
[14:12:43.211] ⚡   └─ Post-processed batch 4: 0.75s
[14:12:43.211] ⚡     └─ Color correction (lab): 0.04s
[14:12:43.213] 📊 After phase 4 (Post-processing):
[14:12:43.213] 📊   [VRAM] 0.01GB allocated / 17.44GB reserved / Peak: 7.14GB / 76.72GB free / 94.97GB total
[14:12:43.213] 📊   [RAM] 7.26GB process / 54.59GB others / 114.09GB free / 175.94GB total
[14:12:43.213] 📊 Resetting VRAM peak memory statistics
[14:12:44.264] 📂 Saving 299 frames to video: /root/ComfyUI-SeedVR2_VideoUpscaler/benchmark_results/blackwell_3b_fp8_vae_plan_full/outputs/encode_decode_tiled.mp4 (backend=opencv)
[14:12:44.881] 📂 Written 100/299 frames
[14:12:45.579] 📂 Written 200/299 frames
[14:12:46.267] 📂 Output saved to: /root/ComfyUI-SeedVR2_VideoUpscaler/benchmark_results/blackwell_3b_fp8_vae_plan_full/outputs/encode_decode_tiled.mp4
[14:12:46.268]  
[14:12:46.268] ✅ All upscaling processes completed successfully in 121.11s
[14:12:46.268] ⚡ Average FPS: 2.47 frames/sec
/root/ComfyUI-SeedVR2_VideoUpscaler/inference_cli.py:354: DeprecationWarning: datetime.datetime.utcnow() is deprecated and scheduled for removal in a future version. Use timezone-aware objects to represent datetimes in UTC: datetime.datetime.now(datetime.UTC).
  "timestamp_utc": datetime.utcnow().isoformat(timespec="seconds") + "Z",
[14:12:46.325] 📂 Benchmark JSON written to: /root/ComfyUI-SeedVR2_VideoUpscaler/benchmark_results/blackwell_3b_fp8_vae_plan_full/encode_decode_tiled.json
[14:12:46.325] 🧹 Process 2471 terminating - VRAM will be automatically freed
[14:12:46.325]  
[14:12:46.325]  ────────────────────────
[14:12:46.325] 💬 Questions? Updates? Watch, star & sponsor if you can!
[14:12:46.325] 🎬 https://www.youtube.com/@AInVFX
[14:12:46.325] ⭐💝 https://github.com/numz/ComfyUI-SeedVR2_VideoUpscaler
