📊 Initial CUDA memory: 94.42GB free / 94.97GB total
/usr/local/lib/python3.12/dist-packages/torch/library.py:357: UserWarning: Warning only once for all operators,  other operators may also be overridden.
  Overriding a previously registered kernel for the same operator and the same dispatch key
  operator: flash_attn::_flash_attn_backward(Tensor dout, Tensor q, Tensor k, Tensor v, Tensor out, Tensor softmax_lse, Tensor(a6!)? dq, Tensor(a7!)? dk, Tensor(a8!)? dv, float dropout_p, float softmax_scale, bool causal, SymInt window_size_left, SymInt window_size_right, float softcap, Tensor? alibi_slopes, bool deterministic, Tensor? rng_state=None) -> Tensor
    registered at /usr/local/lib/python3.12/dist-packages/torch/_library/custom_ops.py:926
  dispatch key: ADInplaceOrView
  previous kernel: no debug info
       new kernel: registered at /usr/local/lib/python3.12/dist-packages/torch/_library/custom_ops.py:926 (Triggered internally at /opt/pytorch/pytorch/aten/src/ATen/core/dispatch/OperatorEntry.cpp:208.)
  self.m.impl(
⚡ SeedVR2 optimizations check: SageAttention ✅ | Flash Attention ✅ | Triton ✅
🔧 Conv3d workaround active: PyTorch 2.10.0a0, cuDNN 91701 (fixing VAE 3x memory bug)
 
 
   ███████╗███████╗███████╗██████╗ ██╗   ██╗██████╗     ██████╗       ███████╗
   ██╔════╝██╔════╝██╔════╝██╔══██╗██║   ██║██╔══██╗    ╚════██╗      ██╔════╝
   ███████╗█████╗  █████╗  ██║  ██║██║   ██║██████╔╝     █████╔╝      ███████╗
   ╚════██║██╔══╝  ██╔══╝  ██║  ██║╚██╗ ██╔╝██╔══██╗    ██╔═══╝       ╚════██║
   ███████║███████╗███████╗██████╔╝ ╚████╔╝ ██║  ██║    ███████╗  ██╗ ███████║
   ╚══════╝╚══════╝╚══════╝╚═════╝   ╚═══╝  ╚═╝  ╚═╝    ╚══════╝  ╚═╝ ╚══════╝
   💻 CLI · v2.5.24                           © ByteDance Seed · NumZ · AInVFX
   ━━━━━━━━━━━━━━━━━━━━━━━━━━━━━━━━━━━━━━━━━━━━━━━━━━━━━━━━━━━━━━━━━━━━━━━━━━━
 
[12:59:41.428] ℹ️ OS: Ubuntu 24.04 | GPU: NVIDIA RTX PRO 6000 Blackwell Max-Q Workstation Edition (95GB)
[12:59:41.428] ℹ️ Python: 3.12.3 | PyTorch: 2.10.0a0+a36e1d39eb.nv26.01.42222806 | FlashAttn: v2 ✓ | SageAttn: v3,2 ✓ | Triton: ✓
[12:59:41.428] ℹ️ CUDA: 13.1 | cuDNN: 91701
[12:59:41.428]  
[12:59:41.428] 🔧 Arguments:
[12:59:41.428]    input: /root/seedvr_bench/inputs/test.mov
[12:59:41.428]    output: /root/ComfyUI-SeedVR2_VideoUpscaler/benchmark_results/blackwell_3b_fp8_hypotheses/outputs/h5_sage3_b81.mp4
[12:59:41.428]    output_format: None
[12:59:41.428]    video_backend: opencv
[12:59:41.428]    use_10bit: False
[12:59:41.428]    model_dir: None
[12:59:41.428]    dit_model: seedvr2_ema_3b_fp8_e4m3fn.safetensors
[12:59:41.428]    resolution: 720
[12:59:41.428]    max_resolution: 0
[12:59:41.428]    batch_size: 81
[12:59:41.428]    uniform_batch_size: True
[12:59:41.428]    seed: 42
[12:59:41.428]    skip_first_frames: 0
[12:59:41.428]    load_cap: 81
[12:59:41.428]    chunk_size: 0
[12:59:41.428]    prepend_frames: 0
[12:59:41.428]    temporal_overlap: 0
[12:59:41.428]    color_correction: lab
[12:59:41.428]    input_noise_scale: 0.0
[12:59:41.428]    latent_noise_scale: 0.0
[12:59:41.428]    cuda_device: None
[12:59:41.428]    dit_offload_device: none
[12:59:41.428]    vae_offload_device: none
[12:59:41.428]    tensor_offload_device: cpu
[12:59:41.428]    blocks_to_swap: 0
[12:59:41.428]    swap_io_components: False
[12:59:41.428]    vae_encode_tiled: False
[12:59:41.428]    vae_encode_tile_size: 1024
[12:59:41.428]    vae_encode_tile_overlap: 128
[12:59:41.428]    vae_decode_tiled: False
[12:59:41.428]    vae_decode_tile_size: 1024
[12:59:41.428]    vae_decode_tile_overlap: 128
[12:59:41.428]    tile_debug: false
[12:59:41.428]    attention_mode: sageattn_3
[12:59:41.428]    strict_attention_mode: True
[12:59:41.428]    blackwell_pro6000_preset: False
[12:59:41.428]    compile_dit: False
[12:59:41.428]    compile_vae: False
[12:59:41.428]    compile_backend: inductor
[12:59:41.428]    compile_mode: default
[12:59:41.428]    compile_fullgraph: False
[12:59:41.428]    compile_dynamic: False
[12:59:41.428]    compile_dynamo_cache_size_limit: 64
[12:59:41.428]    compile_dynamo_recompile_limit: 128
[12:59:41.428]    trt_w4a4_mlp: False
[12:59:41.428]    trt_w4a4_mlp_block_index: 0
[12:59:41.428]    trt_w4a4_mlp_qat_steps: 1
[12:59:41.428]    trt_w4a4_mlp_qat_lr: 1e-08
[12:59:41.428]    trt_w4a4_mlp_json: None
[12:59:41.428]    cache_dit: False
[12:59:41.428]    cache_vae: False
[12:59:41.428]    debug: True
[12:59:41.428]    benchmark_json: /root/ComfyUI-SeedVR2_VideoUpscaler/benchmark_results/blackwell_3b_fp8_hypotheses/h5_sage3_b81.json
[12:59:41.428]    benchmark_label: h5_sage3_b81
[12:59:41.428] 🖥️ CUDA_VISIBLE_DEVICES: Not set (all)
[12:59:41.428] 🖥️ torch.cuda.device_count(): 1
[12:59:41.428] 🖥️ Using device index 0 inside script (mapped to selected GPU)
[12:59:41.428] 🖥️ Using devices: ['0']
[12:59:41.428] 🔧 DiT model found: ./models/SEEDVR2/seedvr2_ema_3b_fp8_e4m3fn.safetensors
[12:59:41.429] 🔧 DiT model already validated (cache): ./models/SEEDVR2/seedvr2_ema_3b_fp8_e4m3fn.safetensors
[12:59:41.429] 🔧 VAE model found: ./models/SEEDVR2/ema_vae_fp16.safetensors
[12:59:41.429] 🔧 VAE model already validated (cache): ./models/SEEDVR2/ema_vae_fp16.safetensors
[12:59:41.429] 🎬 Processing video: test.mov
[12:59:41.429] ℹ️   Auto-detected output format: mp4
[12:59:41.437] ℹ️ Video info: 300 frames, 480x274, 29.97 FPS
[12:59:41.541] 🔧 Generation context initialized: DiT=cuda:0, VAE=cuda:0, Offload=[Tensor offload=cpu], LOCAL_RANK=0
[12:59:41.541] 🎯 Unified compute dtype: torch.bfloat16 across entire pipeline for maximum performance
[12:59:41.541] 🏃 Configuring inference runner...
[12:59:41.541] 🏃 Creating new runner: DiT=seedvr2_ema_3b_fp8_e4m3fn.safetensors, VAE=ema_vae_fp16.safetensors
[12:59:41.568] 🚀 Creating DiT model structure on meta device
[12:59:41.676] 🎨 Creating VAE model structure on meta device
[12:59:41.744] 🎨 VAE downsample factors configured (spatial: 8x, temporal: 4x)
[12:59:41.747] 🔄 Moving text_pos_embeds from CPU to CUDA:0 (DiT inference)
[12:59:41.747] 🔄 Moving text_neg_embeds from CPU to CUDA:0 (DiT inference)
[12:59:41.747] 🚀 Loaded text embeddings for DiT
[12:59:41.747] 🔧   Initializing video transformation pipeline for 720px (shortest edge)
[12:59:41.760] 🔧   Target dimensions: 1260x720 (padded to 1264x720 for processing)
[12:59:41.761]  
[12:59:41.761] 🎬 Starting upscaling generation...
[12:59:41.761] 🎬   Input: 81 frames, 480x274px → Padded: 1264x720px → Output: 1260x720px (shortest edge: 720px)
[12:59:41.761] 🎬   Batch size: 81 (uniform), Seed: 42, Channels: RGB
[12:59:41.761]  
[12:59:41.761]  ━━━━━━━━ Phase 1: VAE encoding ━━━━━━━━
[12:59:41.761] ♻️ Reusing pre-initialized video transformation pipeline
[12:59:41.762] 🎨 Materializing VAE weights to CUDA:0: ./models/SEEDVR2/ema_vae_fp16.safetensors
[12:59:41.829] 🎯 Converting VAE weights to torch.bfloat16 during loading
[12:59:41.848] 🎨 Materializing VAE: 250 parameters, 478.07MB total
[12:59:41.852] 🎨 VAE materialized directly from meta with loaded weights
[12:59:41.853] 🎨 VAE model set to eval mode (gradients disabled)
[12:59:41.854] 🎨 Configuring VAE causal slicing for temporal processing
[12:59:41.854] 🎨 Configuring VAE memory limits for causal convolutions
[12:59:41.855] 🎯 Model precision: VAE=torch.bfloat16, compute=torch.bfloat16
[12:59:41.856] 🎨 Using seed: 1000042 (VAE uses seed+1000000 for deterministic sampling)
[12:59:41.857] 🔄 VAE already on CUDA:0, skipping movement
[12:59:41.857] 📊 After VAE loading for encoding:
[12:59:41.857] 📊   [VRAM] 0.48GB allocated / 0.50GB reserved / Peak: 0.49GB / 93.67GB free / 94.97GB total
[12:59:41.857] 📊   [RAM] 1.48GB process / 8.58GB others / 165.87GB free / 175.94GB total
[12:59:41.857] 📊 Resetting VRAM peak memory statistics
[12:59:41.857] 🎨 Encoding batch 1/1
[12:59:41.858] 🔄   Moving video_batch_1 from CPU to CUDA:0, torch.float16 → torch.bfloat16 (VAE encoding)
[12:59:41.878] 📹   Sequence of 81 frames
[12:59:49.290] ℹ️   Latents shape: torch.Size([21, 90, 158, 16])
[12:59:49.290] 🔄   Moving latent_1 from CUDA:0 to CPU (storing encoded latents for upscaling)
[12:59:49.294] ⚡ Phase 1: VAE encoding complete: 7.53s
[12:59:49.294] ⚡   └─ Encoded batch 1: 7.44s
[12:59:49.294] ⚡   └─ VAE materialized: 0.09s
[12:59:49.294] ⚡     └─ VAE weights loaded from file: 0.07s
[12:59:49.294] ⚡     └─ VAE weights converted to torch.bfloat16: 0.02s
[12:59:49.295] 📊 After phase 1 (VAE encoding):
[12:59:49.295] 📊   [VRAM] 0.48GB allocated / 12.72GB reserved / Peak: 10.64GB / 81.45GB free / 94.97GB total
[12:59:49.295] 📊   [RAM] 1.82GB process / 8.37GB others / 165.75GB free / 175.94GB total
[12:59:49.295] 📊   Memory changes: RAM +0.34GB
[12:59:49.295] 📊 Resetting VRAM peak memory statistics
[12:59:49.295]  
[12:59:49.295]  ━━━━━━━━ Phase 2: DiT upscaling ━━━━━━━━
[12:59:49.296] 🚀 Materializing DiT weights to CUDA:0: ./models/SEEDVR2/seedvr2_ema_3b_fp8_e4m3fn.safetensors
[12:59:49.683] 🚀 Materializing DiT: 635 parameters, 3234.36MB total
[12:59:49.697] 🚀 DiT materialized directly from meta with loaded weights
[12:59:49.703] ✅ Initialized 64 non-persistent buffers
[12:59:49.703] 🔧 Applying DiT compatibility wrapper
[12:59:49.703] 🎯 Detected NaDiT 3B FP8 - Converting RoPE freqs for FP8 compatibility
[12:59:49.704] ✅ Converted 32 RoPE frequency buffers from FP8 to torch.bfloat16 for compatibility
[12:59:49.704] 🔧 Stabilizing RoPE computations for numerical stability
[12:59:49.705] ✅ Stabilized 64 RoPE modules
[12:59:49.705] 🔧 Applying sageattn_3 attention mode and torch.bfloat16 compute dtype to model
[12:59:49.706] ✅ Applied sageattn_3 and compute_dtype=torch.bfloat16 to 32 modules
[12:59:49.706] 🎯 Model precision: DiT=torch.float8_e4m3fn, VAE=torch.bfloat16, compute=torch.bfloat16
[12:59:49.706] 🔄 DiT already on CUDA:0, skipping movement
[12:59:49.707] 📊 After DiT loading for upscaling:
[12:59:49.707] 📊   [VRAM] 3.68GB allocated / 12.72GB reserved / Peak: 3.68GB / 81.45GB free / 94.97GB total
[12:59:49.707] 📊   [RAM] 1.82GB process / 8.38GB others / 165.74GB free / 175.94GB total
[12:59:49.707] 📊   Memory changes: VRAM +3.20GB
[12:59:49.707] 📊 Resetting VRAM peak memory statistics
[12:59:49.707] 🎬 Upscaling batch 1/1
[12:59:49.707] 🚀 Using seed: 42 for deterministic generation
[12:59:49.707] 🔄   Moving latent_1 from CPU to CUDA:0 (DiT upscaling)
EulerSampler:   0%|          | 0/1 [00:00<?, ?it/s]EulerSampler: 100%|██████████| 1/1 [00:04<00:00,  4.75s/it]EulerSampler: 100%|██████████| 1/1 [00:04<00:00,  4.75s/it]
[12:59:54.456] 🔄   Moving upscaled_latent_1 from CUDA:0 to CPU (storing upscaled latents for decoding)
[12:59:54.460] 🧹 Cleaning up DiT components
[12:59:54.461] 🔄 Moving DiT from CUDA:0 to CPU (releasing GPU memory)
[12:59:55.655] 🧹 Starting BlockSwap cleanup
[12:59:55.655] ✅ BlockSwap cleanup complete
[12:59:55.658] 🧹 DiT model deleted
[12:59:55.658] 🧹 Cleaned up text embeddings: texts_pos, texts_neg
[12:59:55.658] ⚡ Phase 2: DiT upscaling complete: 6.36s
[12:59:55.658] ⚡   └─ Upscaled batch 1: 4.75s
[12:59:55.658] ⚡     └─ DiT inference 1: 4.75s
[12:59:55.658] ⚡   └─ DiT moved to CPU: 1.19s
[12:59:55.658] ⚡   └─ DiT materialized: 0.41s
[12:59:55.658] ⚡     └─ DiT weights loaded from file: 0.39s
[12:59:55.658] ⚡     └─ DiT weights materialized: 0.01s
[12:59:55.659] 📊 After phase 2 (DiT upscaling):
[12:59:55.659] 📊   [VRAM] 0.48GB allocated / 17.47GB reserved / Peak: 14.47GB / 76.69GB free / 94.97GB total
[12:59:55.659] 📊   [RAM] 5.33GB process / 8.42GB others / 162.18GB free / 175.94GB total
[12:59:55.659] 📊   Memory changes: VRAM -3.20GB, RAM +3.52GB
[12:59:55.659] 📊 Resetting VRAM peak memory statistics
[12:59:55.765]  
[12:59:55.765]  ━━━━━━━━ Phase 3: VAE decoding ━━━━━━━━
[12:59:55.765] 🔧 Pre-allocating output tensor: 81 frames, 1260x720px, RGB (0.41GB)
[12:59:55.766] 🎯 Model precision: VAE=torch.bfloat16, compute=torch.bfloat16
[12:59:55.766] 🔄 VAE already on CUDA:0, skipping movement
[12:59:55.767] 📊 After VAE loading for decoding:
[12:59:55.767] 📊   [VRAM] 0.48GB allocated / 17.47GB reserved / Peak: 0.48GB / 76.69GB free / 94.97GB total
[12:59:55.767] 📊   [RAM] 2.44GB process / 8.68GB others / 164.82GB free / 175.94GB total
[12:59:55.767] 📊   Memory changes: RAM -2.89GB
[12:59:55.767] 📊 Resetting VRAM peak memory statistics
[12:59:55.767] 🎨 Decoding batch 1/1
[12:59:55.767] 🔄   Moving upscaled_latent_1 from CPU to CUDA:0 (VAE decoding)
[12:59:55.768] ℹ️   Latents shape: torch.Size([1, 21, 90, 158, 16])
[13:00:10.202] 📹   Trimming spatial padding: 1264x720 → 1260x720
[13:00:10.202] 🔄   Moving sample_1 from CUDA:0 to CPU (writing to final_video)
[13:00:11.184] 📹   Wrote 81 frames to positions 0-81
[13:00:11.207] 🧹 Cleaning up VAE components
[13:00:11.207] 🔄 Moving VAE from CUDA:0 to CPU (releasing GPU memory)
[13:00:11.389] 🧹 VAE model deleted
[13:00:11.389] ⚡ Phase 3: VAE decoding complete: 15.62s
[13:00:11.389] ⚡   └─ Decoded batch 1: 15.44s
[13:00:11.389] ⚡     └─ VAE decode: 14.43s
[13:00:11.389] ⚡   └─ VAE moved to CPU: 0.17s
[13:00:11.389] ⚡   └─ (other operations): 0.02s
[13:00:11.390] 📊 After phase 3 (VAE decoding):
[13:00:11.390] 📊   [VRAM] 0.01GB allocated / 20.22GB reserved / Peak: 16.35GB / 73.94GB free / 94.97GB total
[13:00:11.390] 📊   [RAM] 2.90GB process / 8.63GB others / 164.40GB free / 175.94GB total
[13:00:11.390] 📊   Memory changes: VRAM -0.47GB, RAM +0.47GB
[13:00:11.390] 📊 Resetting VRAM peak memory statistics
[13:00:11.390]  
[13:00:11.390]  ━━━━━━━━ Phase 4: Post-processing ━━━━━━━━
[13:00:11.390] 📹 Post-processing batch 1/1
[13:00:11.390] 🔄   Moving sample_1 from CPU to CUDA:0 (post-processing)
[13:00:11.892] 🔄   Moving input_video_1 from CPU to CUDA:0 (color correction)
[13:00:12.039] 📹   Applying LAB perceptual color transfer
[13:00:12.207] 📹   LAB color transfer completed (luminance_weight=0.8)
[13:00:12.207] 🔄   Moving sample_1_final from CUDA:0 to CPU (writing processed result to final_video)
[13:00:12.511] 🎬 Output assembled: 81 frames, Resolution: 1260x720px, Channels: RGB
[13:00:12.511] ⚡ Phase 4: Post-processing complete: 1.12s
[13:00:12.511] ⚡   └─ Post-processed batch 1: 1.12s
[13:00:12.511] ⚡     └─ Color correction (lab): 0.17s
[13:00:12.512] 📊 After phase 4 (Post-processing):
[13:00:12.512] 📊   [VRAM] 0.01GB allocated / 20.22GB reserved / Peak: 7.14GB / 73.94GB free / 94.97GB total
[13:00:12.512] 📊   [RAM] 2.95GB process / 8.61GB others / 164.37GB free / 175.94GB total
[13:00:12.512] 📊   Memory changes: RAM +0.05GB
[13:00:12.512] 📊 Resetting VRAM peak memory statistics
[13:00:12.772] 📂 Saving 81 frames to video: /root/ComfyUI-SeedVR2_VideoUpscaler/benchmark_results/blackwell_3b_fp8_hypotheses/outputs/h5_sage3_b81.mp4 (backend=opencv)
[13:00:13.226] 📂 Output saved to: /root/ComfyUI-SeedVR2_VideoUpscaler/benchmark_results/blackwell_3b_fp8_hypotheses/outputs/h5_sage3_b81.mp4
[13:00:13.226]  
[13:00:13.226] ✅ All upscaling processes completed successfully in 31.80s
[13:00:13.226] ⚡ Average FPS: 2.55 frames/sec
/root/ComfyUI-SeedVR2_VideoUpscaler/inference_cli.py:311: DeprecationWarning: datetime.datetime.utcnow() is deprecated and scheduled for removal in a future version. Use timezone-aware objects to represent datetimes in UTC: datetime.datetime.now(datetime.UTC).
  "timestamp_utc": datetime.utcnow().isoformat(timespec="seconds") + "Z",
[13:00:13.279] 📂 Benchmark JSON written to: /root/ComfyUI-SeedVR2_VideoUpscaler/benchmark_results/blackwell_3b_fp8_hypotheses/h5_sage3_b81.json
[13:00:13.279] 🧹 Process 47298 terminating - VRAM will be automatically freed
[13:00:13.280]  
[13:00:13.280]  ────────────────────────
[13:00:13.280] 💬 Questions? Updates? Watch, star & sponsor if you can!
[13:00:13.280] 🎬 https://www.youtube.com/@AInVFX
[13:00:13.280] ⭐💝 https://github.com/numz/ComfyUI-SeedVR2_VideoUpscaler
